[2026-01-24 23:19:00,859] ERROR core.exceptions: Unhandled exception: Cannot set both 'fields' and 'exclude' options on serializer BrandSerializer.
Traceback (most recent call last):
  File "/home/hussin/code/optics_tenant/osmBack/__pypackages__/3.12/lib/rest_framework/views.py", line 512, in dispatch
    response = handler(request, *args, **kwargs)
               ^^^^^^^^^^^^^^^^^^^^^^^^^^^^^^^^^
  File "/home/hussin/code/optics_tenant/osmBack/__pypackages__/3.12/lib/drf_spectacular/views.py", line 84, in get
    return self._get_schema_response(request)
           ^^^^^^^^^^^^^^^^^^^^^^^^^^^^^^^^^^
  File "/home/hussin/code/optics_tenant/osmBack/__pypackages__/3.12/lib/drf_spectacular/views.py", line 92, in _get_schema_response
    data=generator.get_schema(request=request, public=self.serve_public),
         ^^^^^^^^^^^^^^^^^^^^^^^^^^^^^^^^^^^^^^^^^^^^^^^^^^^^^^^^^^^^^^^
  File "/home/hussin/code/optics_tenant/osmBack/__pypackages__/3.12/lib/drf_spectacular/generators.py", line 285, in get_schema
    paths=self.parse(request, public),
          ^^^^^^^^^^^^^^^^^^^^^^^^^^^
  File "/home/hussin/code/optics_tenant/osmBack/__pypackages__/3.12/lib/drf_spectacular/generators.py", line 256, in parse
    operation = view.schema.get_operation(
                ^^^^^^^^^^^^^^^^^^^^^^^^^^
  File "/home/hussin/code/optics_tenant/osmBack/__pypackages__/3.12/lib/drf_spectacular/openapi.py", line 92, in get_operation
    parameters = self._get_parameters()
                 ^^^^^^^^^^^^^^^^^^^^^^
  File "/home/hussin/code/optics_tenant/osmBack/__pypackages__/3.12/lib/drf_spectacular/openapi.py", line 264, in _get_parameters
    **dict_helper(self._get_filter_parameters()),
                  ^^^^^^^^^^^^^^^^^^^^^^^^^^^^^
  File "/home/hussin/code/optics_tenant/osmBack/__pypackages__/3.12/lib/drf_spectacular/openapi.py", line 555, in _get_filter_parameters
    parameters += filter_extension.get_schema_operation_parameters(self)
                  ^^^^^^^^^^^^^^^^^^^^^^^^^^^^^^^^^^^^^^^^^^^^^^^^^^^^^^
  File "/home/hussin/code/optics_tenant/osmBack/__pypackages__/3.12/lib/drf_spectacular/contrib/django_filters.py", line 58, in get_schema_operation_parameters
    filterset_class = self.target.get_filterset_class(auto_schema.view, get_manager(model).none())
                      ^^^^^^^^^^^^^^^^^^^^^^^^^^^^^^^^^^^^^^^^^^^^^^^^^^^^^^^^^^^^^^^^^^^^^^^^^^^^
  File "/home/hussin/code/optics_tenant/osmBack/__pypackages__/3.12/lib/django_filters/rest_framework/backends.py", line 29, in get_filterset_class
    filterset_class = getattr(view, "filterset_class", None)
                      ^^^^^^^^^^^^^^^^^^^^^^^^^^^^^^^^^^^^^^
  File "/home/hussin/code/optics_tenant/osmBack/core/views.py", line 234, in filterset_class
    self._generated_filterset_class = super().get_filterset_class()
                                      ^^^^^^^^^^^^^^^^^^^^^^^^^^^^^
  File "/home/hussin/code/optics_tenant/osmBack/core/mixins/filterOptionsMixin.py", line 31, in get_filterset_class
    fields = getattr(self, "filterset_fields", None) or getattr(
                                                        ^^^^^^^^
  File "/home/hussin/code/optics_tenant/osmBack/core/views.py", line 255, in filter_fields
    for f in self.serializer_class().fields.keys()
             ^^^^^^^^^^^^^^^^^^^^^^^^^^^^^^
  File "/home/hussin/code/optics_tenant/osmBack/__pypackages__/3.12/lib/django/utils/functional.py", line 47, in __get__
    res = instance.__dict__[self.name] = self.func(instance)
                                         ^^^^^^^^^^^^^^^^^^^
  File "/home/hussin/code/optics_tenant/osmBack/__pypackages__/3.12/lib/rest_framework/serializers.py", line 374, in fields
    for key, value in self.get_fields().items():
                      ^^^^^^^^^^^^^^^^^
  File "/home/hussin/code/optics_tenant/osmBack/__pypackages__/3.12/lib/rest_framework/serializers.py", line 1081, in get_fields
    field_names = self.get_field_names(declared_fields, info)
                  ^^^^^^^^^^^^^^^^^^^^^^^^^^^^^^^^^^^^^^^^^^^
  File "/home/hussin/code/optics_tenant/osmBack/__pypackages__/3.12/lib/rest_framework/serializers.py", line 1146, in get_field_names
    assert not (fields and exclude), (
           ^^^^^^^^^^^^^^^^^^^^^^^^
AssertionError: Cannot set both 'fields' and 'exclude' options on serializer BrandSerializer.
[2026-01-24 23:19:00,869] ERROR django.request: Internal Server Error: /api/schema/
[2026-01-24 23:19:00,870] ERROR django.server: "GET /api/schema/ HTTP/1.1" 500 156
[2026-01-24 23:20:06,715] ERROR core.exceptions: Unhandled exception: Cannot set both 'fields' and 'exclude' options on serializer BrandSerializer.
Traceback (most recent call last):
  File "/home/hussin/code/optics_tenant/osmBack/__pypackages__/3.12/lib/rest_framework/views.py", line 512, in dispatch
    response = handler(request, *args, **kwargs)
               ^^^^^^^^^^^^^^^^^^^^^^^^^^^^^^^^^
  File "/home/hussin/code/optics_tenant/osmBack/__pypackages__/3.12/lib/drf_spectacular/views.py", line 84, in get
    return self._get_schema_response(request)
           ^^^^^^^^^^^^^^^^^^^^^^^^^^^^^^^^^^
  File "/home/hussin/code/optics_tenant/osmBack/__pypackages__/3.12/lib/drf_spectacular/views.py", line 92, in _get_schema_response
    data=generator.get_schema(request=request, public=self.serve_public),
         ^^^^^^^^^^^^^^^^^^^^^^^^^^^^^^^^^^^^^^^^^^^^^^^^^^^^^^^^^^^^^^^
  File "/home/hussin/code/optics_tenant/osmBack/__pypackages__/3.12/lib/drf_spectacular/generators.py", line 285, in get_schema
    paths=self.parse(request, public),
          ^^^^^^^^^^^^^^^^^^^^^^^^^^^
  File "/home/hussin/code/optics_tenant/osmBack/__pypackages__/3.12/lib/drf_spectacular/generators.py", line 256, in parse
    operation = view.schema.get_operation(
                ^^^^^^^^^^^^^^^^^^^^^^^^^^
  File "/home/hussin/code/optics_tenant/osmBack/__pypackages__/3.12/lib/drf_spectacular/openapi.py", line 92, in get_operation
    parameters = self._get_parameters()
                 ^^^^^^^^^^^^^^^^^^^^^^
  File "/home/hussin/code/optics_tenant/osmBack/__pypackages__/3.12/lib/drf_spectacular/openapi.py", line 264, in _get_parameters
    **dict_helper(self._get_filter_parameters()),
                  ^^^^^^^^^^^^^^^^^^^^^^^^^^^^^
  File "/home/hussin/code/optics_tenant/osmBack/__pypackages__/3.12/lib/drf_spectacular/openapi.py", line 555, in _get_filter_parameters
    parameters += filter_extension.get_schema_operation_parameters(self)
                  ^^^^^^^^^^^^^^^^^^^^^^^^^^^^^^^^^^^^^^^^^^^^^^^^^^^^^^
  File "/home/hussin/code/optics_tenant/osmBack/__pypackages__/3.12/lib/drf_spectacular/contrib/django_filters.py", line 58, in get_schema_operation_parameters
    filterset_class = self.target.get_filterset_class(auto_schema.view, get_manager(model).none())
                      ^^^^^^^^^^^^^^^^^^^^^^^^^^^^^^^^^^^^^^^^^^^^^^^^^^^^^^^^^^^^^^^^^^^^^^^^^^^^
  File "/home/hussin/code/optics_tenant/osmBack/__pypackages__/3.12/lib/django_filters/rest_framework/backends.py", line 29, in get_filterset_class
    filterset_class = getattr(view, "filterset_class", None)
                      ^^^^^^^^^^^^^^^^^^^^^^^^^^^^^^^^^^^^^^
  File "/home/hussin/code/optics_tenant/osmBack/core/views.py", line 234, in filterset_class
    self._generated_filterset_class = super().get_filterset_class()
                                      ^^^^^^^^^^^^^^^^^^^^^^^^^^^^^
  File "/home/hussin/code/optics_tenant/osmBack/core/mixins/filterOptionsMixin.py", line 31, in get_filterset_class
    fields = getattr(self, "filterset_fields", None) or getattr(
                                                        ^^^^^^^^
  File "/home/hussin/code/optics_tenant/osmBack/core/views.py", line 255, in filter_fields
    for f in self.serializer_class().fields.keys()
             ^^^^^^^^^^^^^^^^^^^^^^^^^^^^^^
  File "/home/hussin/code/optics_tenant/osmBack/__pypackages__/3.12/lib/django/utils/functional.py", line 47, in __get__
    res = instance.__dict__[self.name] = self.func(instance)
                                         ^^^^^^^^^^^^^^^^^^^
  File "/home/hussin/code/optics_tenant/osmBack/__pypackages__/3.12/lib/rest_framework/serializers.py", line 374, in fields
    for key, value in self.get_fields().items():
                      ^^^^^^^^^^^^^^^^^
  File "/home/hussin/code/optics_tenant/osmBack/__pypackages__/3.12/lib/rest_framework/serializers.py", line 1081, in get_fields
    field_names = self.get_field_names(declared_fields, info)
                  ^^^^^^^^^^^^^^^^^^^^^^^^^^^^^^^^^^^^^^^^^^^
  File "/home/hussin/code/optics_tenant/osmBack/__pypackages__/3.12/lib/rest_framework/serializers.py", line 1146, in get_field_names
    assert not (fields and exclude), (
           ^^^^^^^^^^^^^^^^^^^^^^^^
AssertionError: Cannot set both 'fields' and 'exclude' options on serializer BrandSerializer.
[2026-01-24 23:20:06,723] ERROR django.request: Internal Server Error: /api/schema/
[2026-01-24 23:20:06,724] ERROR django.server: "GET /api/schema/ HTTP/1.1" 500 197
[2026-01-24 23:20:08,326] ERROR core.exceptions: Unhandled exception: Cannot set both 'fields' and 'exclude' options on serializer BrandSerializer.
Traceback (most recent call last):
  File "/home/hussin/code/optics_tenant/osmBack/__pypackages__/3.12/lib/rest_framework/views.py", line 512, in dispatch
    response = handler(request, *args, **kwargs)
               ^^^^^^^^^^^^^^^^^^^^^^^^^^^^^^^^^
  File "/home/hussin/code/optics_tenant/osmBack/__pypackages__/3.12/lib/drf_spectacular/views.py", line 84, in get
    return self._get_schema_response(request)
           ^^^^^^^^^^^^^^^^^^^^^^^^^^^^^^^^^^
  File "/home/hussin/code/optics_tenant/osmBack/__pypackages__/3.12/lib/drf_spectacular/views.py", line 92, in _get_schema_response
    data=generator.get_schema(request=request, public=self.serve_public),
         ^^^^^^^^^^^^^^^^^^^^^^^^^^^^^^^^^^^^^^^^^^^^^^^^^^^^^^^^^^^^^^^
  File "/home/hussin/code/optics_tenant/osmBack/__pypackages__/3.12/lib/drf_spectacular/generators.py", line 285, in get_schema
    paths=self.parse(request, public),
          ^^^^^^^^^^^^^^^^^^^^^^^^^^^
  File "/home/hussin/code/optics_tenant/osmBack/__pypackages__/3.12/lib/drf_spectacular/generators.py", line 256, in parse
    operation = view.schema.get_operation(
                ^^^^^^^^^^^^^^^^^^^^^^^^^^
  File "/home/hussin/code/optics_tenant/osmBack/__pypackages__/3.12/lib/drf_spectacular/openapi.py", line 92, in get_operation
    parameters = self._get_parameters()
                 ^^^^^^^^^^^^^^^^^^^^^^
  File "/home/hussin/code/optics_tenant/osmBack/__pypackages__/3.12/lib/drf_spectacular/openapi.py", line 264, in _get_parameters
    **dict_helper(self._get_filter_parameters()),
                  ^^^^^^^^^^^^^^^^^^^^^^^^^^^^^
  File "/home/hussin/code/optics_tenant/osmBack/__pypackages__/3.12/lib/drf_spectacular/openapi.py", line 555, in _get_filter_parameters
    parameters += filter_extension.get_schema_operation_parameters(self)
                  ^^^^^^^^^^^^^^^^^^^^^^^^^^^^^^^^^^^^^^^^^^^^^^^^^^^^^^
  File "/home/hussin/code/optics_tenant/osmBack/__pypackages__/3.12/lib/drf_spectacular/contrib/django_filters.py", line 58, in get_schema_operation_parameters
    filterset_class = self.target.get_filterset_class(auto_schema.view, get_manager(model).none())
                      ^^^^^^^^^^^^^^^^^^^^^^^^^^^^^^^^^^^^^^^^^^^^^^^^^^^^^^^^^^^^^^^^^^^^^^^^^^^^
  File "/home/hussin/code/optics_tenant/osmBack/__pypackages__/3.12/lib/django_filters/rest_framework/backends.py", line 29, in get_filterset_class
    filterset_class = getattr(view, "filterset_class", None)
                      ^^^^^^^^^^^^^^^^^^^^^^^^^^^^^^^^^^^^^^
  File "/home/hussin/code/optics_tenant/osmBack/core/views.py", line 234, in filterset_class
    self._generated_filterset_class = super().get_filterset_class()
                                      ^^^^^^^^^^^^^^^^^^^^^^^^^^^^^
  File "/home/hussin/code/optics_tenant/osmBack/core/mixins/filterOptionsMixin.py", line 31, in get_filterset_class
    fields = getattr(self, "filterset_fields", None) or getattr(
                                                        ^^^^^^^^
  File "/home/hussin/code/optics_tenant/osmBack/core/views.py", line 255, in filter_fields
    for f in self.serializer_class().fields.keys()
             ^^^^^^^^^^^^^^^^^^^^^^^^^^^^^^
  File "/home/hussin/code/optics_tenant/osmBack/__pypackages__/3.12/lib/django/utils/functional.py", line 47, in __get__
    res = instance.__dict__[self.name] = self.func(instance)
                                         ^^^^^^^^^^^^^^^^^^^
  File "/home/hussin/code/optics_tenant/osmBack/__pypackages__/3.12/lib/rest_framework/serializers.py", line 374, in fields
    for key, value in self.get_fields().items():
                      ^^^^^^^^^^^^^^^^^
  File "/home/hussin/code/optics_tenant/osmBack/__pypackages__/3.12/lib/rest_framework/serializers.py", line 1081, in get_fields
    field_names = self.get_field_names(declared_fields, info)
                  ^^^^^^^^^^^^^^^^^^^^^^^^^^^^^^^^^^^^^^^^^^^
  File "/home/hussin/code/optics_tenant/osmBack/__pypackages__/3.12/lib/rest_framework/serializers.py", line 1146, in get_field_names
    assert not (fields and exclude), (
           ^^^^^^^^^^^^^^^^^^^^^^^^
AssertionError: Cannot set both 'fields' and 'exclude' options on serializer BrandSerializer.
[2026-01-24 23:20:08,330] ERROR django.request: Internal Server Error: /api/schema/
[2026-01-24 23:20:08,331] ERROR django.server: "GET /api/schema/ HTTP/1.1" 500 197
[2026-01-24 23:21:48,115] ERROR core.exceptions: Unhandled exception: Cannot set both 'fields' and 'exclude' options on serializer ManufacturerSerializer.
Traceback (most recent call last):
  File "/home/hussin/code/optics_tenant/osmBack/__pypackages__/3.12/lib/rest_framework/views.py", line 512, in dispatch
    response = handler(request, *args, **kwargs)
               ^^^^^^^^^^^^^^^^^^^^^^^^^^^^^^^^^
  File "/home/hussin/code/optics_tenant/osmBack/__pypackages__/3.12/lib/drf_spectacular/views.py", line 84, in get
    return self._get_schema_response(request)
           ^^^^^^^^^^^^^^^^^^^^^^^^^^^^^^^^^^
  File "/home/hussin/code/optics_tenant/osmBack/__pypackages__/3.12/lib/drf_spectacular/views.py", line 92, in _get_schema_response
    data=generator.get_schema(request=request, public=self.serve_public),
         ^^^^^^^^^^^^^^^^^^^^^^^^^^^^^^^^^^^^^^^^^^^^^^^^^^^^^^^^^^^^^^^
  File "/home/hussin/code/optics_tenant/osmBack/__pypackages__/3.12/lib/drf_spectacular/generators.py", line 285, in get_schema
    paths=self.parse(request, public),
          ^^^^^^^^^^^^^^^^^^^^^^^^^^^
  File "/home/hussin/code/optics_tenant/osmBack/__pypackages__/3.12/lib/drf_spectacular/generators.py", line 256, in parse
    operation = view.schema.get_operation(
                ^^^^^^^^^^^^^^^^^^^^^^^^^^
  File "/home/hussin/code/optics_tenant/osmBack/__pypackages__/3.12/lib/drf_spectacular/openapi.py", line 92, in get_operation
    parameters = self._get_parameters()
                 ^^^^^^^^^^^^^^^^^^^^^^
  File "/home/hussin/code/optics_tenant/osmBack/__pypackages__/3.12/lib/drf_spectacular/openapi.py", line 264, in _get_parameters
    **dict_helper(self._get_filter_parameters()),
                  ^^^^^^^^^^^^^^^^^^^^^^^^^^^^^
  File "/home/hussin/code/optics_tenant/osmBack/__pypackages__/3.12/lib/drf_spectacular/openapi.py", line 555, in _get_filter_parameters
    parameters += filter_extension.get_schema_operation_parameters(self)
                  ^^^^^^^^^^^^^^^^^^^^^^^^^^^^^^^^^^^^^^^^^^^^^^^^^^^^^^
  File "/home/hussin/code/optics_tenant/osmBack/__pypackages__/3.12/lib/drf_spectacular/contrib/django_filters.py", line 58, in get_schema_operation_parameters
    filterset_class = self.target.get_filterset_class(auto_schema.view, get_manager(model).none())
                      ^^^^^^^^^^^^^^^^^^^^^^^^^^^^^^^^^^^^^^^^^^^^^^^^^^^^^^^^^^^^^^^^^^^^^^^^^^^^
  File "/home/hussin/code/optics_tenant/osmBack/__pypackages__/3.12/lib/django_filters/rest_framework/backends.py", line 29, in get_filterset_class
    filterset_class = getattr(view, "filterset_class", None)
                      ^^^^^^^^^^^^^^^^^^^^^^^^^^^^^^^^^^^^^^
  File "/home/hussin/code/optics_tenant/osmBack/core/views.py", line 234, in filterset_class
    self._generated_filterset_class = super().get_filterset_class()
                                      ^^^^^^^^^^^^^^^^^^^^^^^^^^^^^
  File "/home/hussin/code/optics_tenant/osmBack/core/mixins/filterOptionsMixin.py", line 31, in get_filterset_class
    fields = getattr(self, "filterset_fields", None) or getattr(
                                                        ^^^^^^^^
  File "/home/hussin/code/optics_tenant/osmBack/core/views.py", line 255, in filter_fields
    for f in self.serializer_class().fields.keys()
             ^^^^^^^^^^^^^^^^^^^^^^^^^^^^^^
  File "/home/hussin/code/optics_tenant/osmBack/__pypackages__/3.12/lib/django/utils/functional.py", line 47, in __get__
    res = instance.__dict__[self.name] = self.func(instance)
                                         ^^^^^^^^^^^^^^^^^^^
  File "/home/hussin/code/optics_tenant/osmBack/__pypackages__/3.12/lib/rest_framework/serializers.py", line 374, in fields
    for key, value in self.get_fields().items():
                      ^^^^^^^^^^^^^^^^^
  File "/home/hussin/code/optics_tenant/osmBack/__pypackages__/3.12/lib/rest_framework/serializers.py", line 1081, in get_fields
    field_names = self.get_field_names(declared_fields, info)
                  ^^^^^^^^^^^^^^^^^^^^^^^^^^^^^^^^^^^^^^^^^^^
  File "/home/hussin/code/optics_tenant/osmBack/__pypackages__/3.12/lib/rest_framework/serializers.py", line 1146, in get_field_names
    assert not (fields and exclude), (
           ^^^^^^^^^^^^^^^^^^^^^^^^
AssertionError: Cannot set both 'fields' and 'exclude' options on serializer ManufacturerSerializer.
[2026-01-24 23:21:48,133] ERROR django.request: Internal Server Error: /api/schema/
[2026-01-24 23:21:48,134] ERROR django.server: "GET /api/schema/ HTTP/1.1" 500 197
[2026-01-24 23:21:50,482] ERROR core.exceptions: Unhandled exception: Cannot set both 'fields' and 'exclude' options on serializer ManufacturerSerializer.
Traceback (most recent call last):
  File "/home/hussin/code/optics_tenant/osmBack/__pypackages__/3.12/lib/rest_framework/views.py", line 512, in dispatch
    response = handler(request, *args, **kwargs)
               ^^^^^^^^^^^^^^^^^^^^^^^^^^^^^^^^^
  File "/home/hussin/code/optics_tenant/osmBack/__pypackages__/3.12/lib/drf_spectacular/views.py", line 84, in get
    return self._get_schema_response(request)
           ^^^^^^^^^^^^^^^^^^^^^^^^^^^^^^^^^^
  File "/home/hussin/code/optics_tenant/osmBack/__pypackages__/3.12/lib/drf_spectacular/views.py", line 92, in _get_schema_response
    data=generator.get_schema(request=request, public=self.serve_public),
         ^^^^^^^^^^^^^^^^^^^^^^^^^^^^^^^^^^^^^^^^^^^^^^^^^^^^^^^^^^^^^^^
  File "/home/hussin/code/optics_tenant/osmBack/__pypackages__/3.12/lib/drf_spectacular/generators.py", line 285, in get_schema
    paths=self.parse(request, public),
          ^^^^^^^^^^^^^^^^^^^^^^^^^^^
  File "/home/hussin/code/optics_tenant/osmBack/__pypackages__/3.12/lib/drf_spectacular/generators.py", line 256, in parse
    operation = view.schema.get_operation(
                ^^^^^^^^^^^^^^^^^^^^^^^^^^
  File "/home/hussin/code/optics_tenant/osmBack/__pypackages__/3.12/lib/drf_spectacular/openapi.py", line 92, in get_operation
    parameters = self._get_parameters()
                 ^^^^^^^^^^^^^^^^^^^^^^
  File "/home/hussin/code/optics_tenant/osmBack/__pypackages__/3.12/lib/drf_spectacular/openapi.py", line 264, in _get_parameters
    **dict_helper(self._get_filter_parameters()),
                  ^^^^^^^^^^^^^^^^^^^^^^^^^^^^^
  File "/home/hussin/code/optics_tenant/osmBack/__pypackages__/3.12/lib/drf_spectacular/openapi.py", line 555, in _get_filter_parameters
    parameters += filter_extension.get_schema_operation_parameters(self)
                  ^^^^^^^^^^^^^^^^^^^^^^^^^^^^^^^^^^^^^^^^^^^^^^^^^^^^^^
  File "/home/hussin/code/optics_tenant/osmBack/__pypackages__/3.12/lib/drf_spectacular/contrib/django_filters.py", line 58, in get_schema_operation_parameters
    filterset_class = self.target.get_filterset_class(auto_schema.view, get_manager(model).none())
                      ^^^^^^^^^^^^^^^^^^^^^^^^^^^^^^^^^^^^^^^^^^^^^^^^^^^^^^^^^^^^^^^^^^^^^^^^^^^^
  File "/home/hussin/code/optics_tenant/osmBack/__pypackages__/3.12/lib/django_filters/rest_framework/backends.py", line 29, in get_filterset_class
    filterset_class = getattr(view, "filterset_class", None)
                      ^^^^^^^^^^^^^^^^^^^^^^^^^^^^^^^^^^^^^^
  File "/home/hussin/code/optics_tenant/osmBack/core/views.py", line 234, in filterset_class
    self._generated_filterset_class = super().get_filterset_class()
                                      ^^^^^^^^^^^^^^^^^^^^^^^^^^^^^
  File "/home/hussin/code/optics_tenant/osmBack/core/mixins/filterOptionsMixin.py", line 31, in get_filterset_class
    fields = getattr(self, "filterset_fields", None) or getattr(
                                                        ^^^^^^^^
  File "/home/hussin/code/optics_tenant/osmBack/core/views.py", line 255, in filter_fields
    for f in self.serializer_class().fields.keys()
             ^^^^^^^^^^^^^^^^^^^^^^^^^^^^^^
  File "/home/hussin/code/optics_tenant/osmBack/__pypackages__/3.12/lib/django/utils/functional.py", line 47, in __get__
    res = instance.__dict__[self.name] = self.func(instance)
                                         ^^^^^^^^^^^^^^^^^^^
  File "/home/hussin/code/optics_tenant/osmBack/__pypackages__/3.12/lib/rest_framework/serializers.py", line 374, in fields
    for key, value in self.get_fields().items():
                      ^^^^^^^^^^^^^^^^^
  File "/home/hussin/code/optics_tenant/osmBack/__pypackages__/3.12/lib/rest_framework/serializers.py", line 1081, in get_fields
    field_names = self.get_field_names(declared_fields, info)
                  ^^^^^^^^^^^^^^^^^^^^^^^^^^^^^^^^^^^^^^^^^^^
  File "/home/hussin/code/optics_tenant/osmBack/__pypackages__/3.12/lib/rest_framework/serializers.py", line 1146, in get_field_names
    assert not (fields and exclude), (
           ^^^^^^^^^^^^^^^^^^^^^^^^
AssertionError: Cannot set both 'fields' and 'exclude' options on serializer ManufacturerSerializer.
[2026-01-24 23:21:50,490] ERROR django.request: Internal Server Error: /api/schema/
[2026-01-24 23:21:50,491] ERROR django.server: "GET /api/schema/ HTTP/1.1" 500 197
[2026-01-24 23:23:16,451] ERROR core.exceptions: Unhandled exception: Cannot set both 'fields' and 'exclude' options on serializer SupplierSerializer.
Traceback (most recent call last):
  File "/home/hussin/code/optics_tenant/osmBack/__pypackages__/3.12/lib/rest_framework/views.py", line 512, in dispatch
    response = handler(request, *args, **kwargs)
               ^^^^^^^^^^^^^^^^^^^^^^^^^^^^^^^^^
  File "/home/hussin/code/optics_tenant/osmBack/__pypackages__/3.12/lib/drf_spectacular/views.py", line 84, in get
    return self._get_schema_response(request)
           ^^^^^^^^^^^^^^^^^^^^^^^^^^^^^^^^^^
  File "/home/hussin/code/optics_tenant/osmBack/__pypackages__/3.12/lib/drf_spectacular/views.py", line 92, in _get_schema_response
    data=generator.get_schema(request=request, public=self.serve_public),
         ^^^^^^^^^^^^^^^^^^^^^^^^^^^^^^^^^^^^^^^^^^^^^^^^^^^^^^^^^^^^^^^
  File "/home/hussin/code/optics_tenant/osmBack/__pypackages__/3.12/lib/drf_spectacular/generators.py", line 285, in get_schema
    paths=self.parse(request, public),
          ^^^^^^^^^^^^^^^^^^^^^^^^^^^
  File "/home/hussin/code/optics_tenant/osmBack/__pypackages__/3.12/lib/drf_spectacular/generators.py", line 256, in parse
    operation = view.schema.get_operation(
                ^^^^^^^^^^^^^^^^^^^^^^^^^^
  File "/home/hussin/code/optics_tenant/osmBack/__pypackages__/3.12/lib/drf_spectacular/openapi.py", line 92, in get_operation
    parameters = self._get_parameters()
                 ^^^^^^^^^^^^^^^^^^^^^^
  File "/home/hussin/code/optics_tenant/osmBack/__pypackages__/3.12/lib/drf_spectacular/openapi.py", line 264, in _get_parameters
    **dict_helper(self._get_filter_parameters()),
                  ^^^^^^^^^^^^^^^^^^^^^^^^^^^^^
  File "/home/hussin/code/optics_tenant/osmBack/__pypackages__/3.12/lib/drf_spectacular/openapi.py", line 555, in _get_filter_parameters
    parameters += filter_extension.get_schema_operation_parameters(self)
                  ^^^^^^^^^^^^^^^^^^^^^^^^^^^^^^^^^^^^^^^^^^^^^^^^^^^^^^
  File "/home/hussin/code/optics_tenant/osmBack/__pypackages__/3.12/lib/drf_spectacular/contrib/django_filters.py", line 58, in get_schema_operation_parameters
    filterset_class = self.target.get_filterset_class(auto_schema.view, get_manager(model).none())
                      ^^^^^^^^^^^^^^^^^^^^^^^^^^^^^^^^^^^^^^^^^^^^^^^^^^^^^^^^^^^^^^^^^^^^^^^^^^^^
  File "/home/hussin/code/optics_tenant/osmBack/__pypackages__/3.12/lib/django_filters/rest_framework/backends.py", line 29, in get_filterset_class
    filterset_class = getattr(view, "filterset_class", None)
                      ^^^^^^^^^^^^^^^^^^^^^^^^^^^^^^^^^^^^^^
  File "/home/hussin/code/optics_tenant/osmBack/core/views.py", line 234, in filterset_class
    self._generated_filterset_class = super().get_filterset_class()
                                      ^^^^^^^^^^^^^^^^^^^^^^^^^^^^^
  File "/home/hussin/code/optics_tenant/osmBack/core/mixins/filterOptionsMixin.py", line 31, in get_filterset_class
    fields = getattr(self, "filterset_fields", None) or getattr(
                                                        ^^^^^^^^
  File "/home/hussin/code/optics_tenant/osmBack/core/views.py", line 255, in filter_fields
    for f in self.serializer_class().fields.keys()
             ^^^^^^^^^^^^^^^^^^^^^^^^^^^^^^
  File "/home/hussin/code/optics_tenant/osmBack/__pypackages__/3.12/lib/django/utils/functional.py", line 47, in __get__
    res = instance.__dict__[self.name] = self.func(instance)
                                         ^^^^^^^^^^^^^^^^^^^
  File "/home/hussin/code/optics_tenant/osmBack/__pypackages__/3.12/lib/rest_framework/serializers.py", line 374, in fields
    for key, value in self.get_fields().items():
                      ^^^^^^^^^^^^^^^^^
  File "/home/hussin/code/optics_tenant/osmBack/__pypackages__/3.12/lib/rest_framework/serializers.py", line 1081, in get_fields
    field_names = self.get_field_names(declared_fields, info)
                  ^^^^^^^^^^^^^^^^^^^^^^^^^^^^^^^^^^^^^^^^^^^
  File "/home/hussin/code/optics_tenant/osmBack/__pypackages__/3.12/lib/rest_framework/serializers.py", line 1146, in get_field_names
    assert not (fields and exclude), (
           ^^^^^^^^^^^^^^^^^^^^^^^^
AssertionError: Cannot set both 'fields' and 'exclude' options on serializer SupplierSerializer.
[2026-01-24 23:23:16,472] ERROR django.request: Internal Server Error: /api/schema/
[2026-01-24 23:23:16,479] ERROR django.server: "GET /api/schema/ HTTP/1.1" 500 197
[2026-01-24 23:23:19,275] ERROR core.exceptions: Unhandled exception: Cannot set both 'fields' and 'exclude' options on serializer SupplierSerializer.
Traceback (most recent call last):
  File "/home/hussin/code/optics_tenant/osmBack/__pypackages__/3.12/lib/rest_framework/views.py", line 512, in dispatch
    response = handler(request, *args, **kwargs)
               ^^^^^^^^^^^^^^^^^^^^^^^^^^^^^^^^^
  File "/home/hussin/code/optics_tenant/osmBack/__pypackages__/3.12/lib/drf_spectacular/views.py", line 84, in get
    return self._get_schema_response(request)
           ^^^^^^^^^^^^^^^^^^^^^^^^^^^^^^^^^^
  File "/home/hussin/code/optics_tenant/osmBack/__pypackages__/3.12/lib/drf_spectacular/views.py", line 92, in _get_schema_response
    data=generator.get_schema(request=request, public=self.serve_public),
         ^^^^^^^^^^^^^^^^^^^^^^^^^^^^^^^^^^^^^^^^^^^^^^^^^^^^^^^^^^^^^^^
  File "/home/hussin/code/optics_tenant/osmBack/__pypackages__/3.12/lib/drf_spectacular/generators.py", line 285, in get_schema
    paths=self.parse(request, public),
          ^^^^^^^^^^^^^^^^^^^^^^^^^^^
  File "/home/hussin/code/optics_tenant/osmBack/__pypackages__/3.12/lib/drf_spectacular/generators.py", line 256, in parse
    operation = view.schema.get_operation(
                ^^^^^^^^^^^^^^^^^^^^^^^^^^
  File "/home/hussin/code/optics_tenant/osmBack/__pypackages__/3.12/lib/drf_spectacular/openapi.py", line 92, in get_operation
    parameters = self._get_parameters()
                 ^^^^^^^^^^^^^^^^^^^^^^
  File "/home/hussin/code/optics_tenant/osmBack/__pypackages__/3.12/lib/drf_spectacular/openapi.py", line 264, in _get_parameters
    **dict_helper(self._get_filter_parameters()),
                  ^^^^^^^^^^^^^^^^^^^^^^^^^^^^^
  File "/home/hussin/code/optics_tenant/osmBack/__pypackages__/3.12/lib/drf_spectacular/openapi.py", line 555, in _get_filter_parameters
    parameters += filter_extension.get_schema_operation_parameters(self)
                  ^^^^^^^^^^^^^^^^^^^^^^^^^^^^^^^^^^^^^^^^^^^^^^^^^^^^^^
  File "/home/hussin/code/optics_tenant/osmBack/__pypackages__/3.12/lib/drf_spectacular/contrib/django_filters.py", line 58, in get_schema_operation_parameters
    filterset_class = self.target.get_filterset_class(auto_schema.view, get_manager(model).none())
                      ^^^^^^^^^^^^^^^^^^^^^^^^^^^^^^^^^^^^^^^^^^^^^^^^^^^^^^^^^^^^^^^^^^^^^^^^^^^^
  File "/home/hussin/code/optics_tenant/osmBack/__pypackages__/3.12/lib/django_filters/rest_framework/backends.py", line 29, in get_filterset_class
    filterset_class = getattr(view, "filterset_class", None)
                      ^^^^^^^^^^^^^^^^^^^^^^^^^^^^^^^^^^^^^^
  File "/home/hussin/code/optics_tenant/osmBack/core/views.py", line 234, in filterset_class
    self._generated_filterset_class = super().get_filterset_class()
                                      ^^^^^^^^^^^^^^^^^^^^^^^^^^^^^
  File "/home/hussin/code/optics_tenant/osmBack/core/mixins/filterOptionsMixin.py", line 31, in get_filterset_class
    fields = getattr(self, "filterset_fields", None) or getattr(
                                                        ^^^^^^^^
  File "/home/hussin/code/optics_tenant/osmBack/core/views.py", line 255, in filter_fields
    for f in self.serializer_class().fields.keys()
             ^^^^^^^^^^^^^^^^^^^^^^^^^^^^^^
  File "/home/hussin/code/optics_tenant/osmBack/__pypackages__/3.12/lib/django/utils/functional.py", line 47, in __get__
    res = instance.__dict__[self.name] = self.func(instance)
                                         ^^^^^^^^^^^^^^^^^^^
  File "/home/hussin/code/optics_tenant/osmBack/__pypackages__/3.12/lib/rest_framework/serializers.py", line 374, in fields
    for key, value in self.get_fields().items():
                      ^^^^^^^^^^^^^^^^^
  File "/home/hussin/code/optics_tenant/osmBack/__pypackages__/3.12/lib/rest_framework/serializers.py", line 1081, in get_fields
    field_names = self.get_field_names(declared_fields, info)
                  ^^^^^^^^^^^^^^^^^^^^^^^^^^^^^^^^^^^^^^^^^^^
  File "/home/hussin/code/optics_tenant/osmBack/__pypackages__/3.12/lib/rest_framework/serializers.py", line 1146, in get_field_names
    assert not (fields and exclude), (
           ^^^^^^^^^^^^^^^^^^^^^^^^
AssertionError: Cannot set both 'fields' and 'exclude' options on serializer SupplierSerializer.
[2026-01-24 23:23:19,282] ERROR django.request: Internal Server Error: /api/schema/
[2026-01-24 23:23:19,283] ERROR django.server: "GET /api/schema/ HTTP/1.1" 500 197
[2026-01-24 23:26:25,024] ERROR core.exceptions: Unhandled exception: Field name `contact_person` is not valid for model `Manufacturer` in `apps.products.serializers.suppliers.ManufacturerSerializer`.
Traceback (most recent call last):
  File "/home/hussin/code/optics_tenant/osmBack/__pypackages__/3.12/lib/rest_framework/views.py", line 512, in dispatch
    response = handler(request, *args, **kwargs)
               ^^^^^^^^^^^^^^^^^^^^^^^^^^^^^^^^^
  File "/home/hussin/code/optics_tenant/osmBack/__pypackages__/3.12/lib/drf_spectacular/views.py", line 84, in get
    return self._get_schema_response(request)
           ^^^^^^^^^^^^^^^^^^^^^^^^^^^^^^^^^^
  File "/home/hussin/code/optics_tenant/osmBack/__pypackages__/3.12/lib/drf_spectacular/views.py", line 92, in _get_schema_response
    data=generator.get_schema(request=request, public=self.serve_public),
         ^^^^^^^^^^^^^^^^^^^^^^^^^^^^^^^^^^^^^^^^^^^^^^^^^^^^^^^^^^^^^^^
  File "/home/hussin/code/optics_tenant/osmBack/__pypackages__/3.12/lib/drf_spectacular/generators.py", line 285, in get_schema
    paths=self.parse(request, public),
          ^^^^^^^^^^^^^^^^^^^^^^^^^^^
  File "/home/hussin/code/optics_tenant/osmBack/__pypackages__/3.12/lib/drf_spectacular/generators.py", line 256, in parse
    operation = view.schema.get_operation(
                ^^^^^^^^^^^^^^^^^^^^^^^^^^
  File "/home/hussin/code/optics_tenant/osmBack/__pypackages__/3.12/lib/drf_spectacular/openapi.py", line 92, in get_operation
    parameters = self._get_parameters()
                 ^^^^^^^^^^^^^^^^^^^^^^
  File "/home/hussin/code/optics_tenant/osmBack/__pypackages__/3.12/lib/drf_spectacular/openapi.py", line 264, in _get_parameters
    **dict_helper(self._get_filter_parameters()),
                  ^^^^^^^^^^^^^^^^^^^^^^^^^^^^^
  File "/home/hussin/code/optics_tenant/osmBack/__pypackages__/3.12/lib/drf_spectacular/openapi.py", line 555, in _get_filter_parameters
    parameters += filter_extension.get_schema_operation_parameters(self)
                  ^^^^^^^^^^^^^^^^^^^^^^^^^^^^^^^^^^^^^^^^^^^^^^^^^^^^^^
  File "/home/hussin/code/optics_tenant/osmBack/__pypackages__/3.12/lib/drf_spectacular/contrib/django_filters.py", line 58, in get_schema_operation_parameters
    filterset_class = self.target.get_filterset_class(auto_schema.view, get_manager(model).none())
                      ^^^^^^^^^^^^^^^^^^^^^^^^^^^^^^^^^^^^^^^^^^^^^^^^^^^^^^^^^^^^^^^^^^^^^^^^^^^^
  File "/home/hussin/code/optics_tenant/osmBack/__pypackages__/3.12/lib/django_filters/rest_framework/backends.py", line 29, in get_filterset_class
    filterset_class = getattr(view, "filterset_class", None)
                      ^^^^^^^^^^^^^^^^^^^^^^^^^^^^^^^^^^^^^^
  File "/home/hussin/code/optics_tenant/osmBack/core/views.py", line 234, in filterset_class
    self._generated_filterset_class = super().get_filterset_class()
                                      ^^^^^^^^^^^^^^^^^^^^^^^^^^^^^
  File "/home/hussin/code/optics_tenant/osmBack/core/mixins/filterOptionsMixin.py", line 31, in get_filterset_class
    fields = getattr(self, "filterset_fields", None) or getattr(
                                                        ^^^^^^^^
  File "/home/hussin/code/optics_tenant/osmBack/core/views.py", line 255, in filter_fields
    for f in self.serializer_class().fields.keys()
             ^^^^^^^^^^^^^^^^^^^^^^^^^^^^^^
  File "/home/hussin/code/optics_tenant/osmBack/__pypackages__/3.12/lib/django/utils/functional.py", line 47, in __get__
    res = instance.__dict__[self.name] = self.func(instance)
                                         ^^^^^^^^^^^^^^^^^^^
  File "/home/hussin/code/optics_tenant/osmBack/__pypackages__/3.12/lib/rest_framework/serializers.py", line 374, in fields
    for key, value in self.get_fields().items():
                      ^^^^^^^^^^^^^^^^^
  File "/home/hussin/code/optics_tenant/osmBack/__pypackages__/3.12/lib/rest_framework/serializers.py", line 1105, in get_fields
    field_class, field_kwargs = self.build_field(
                                ^^^^^^^^^^^^^^^^^
  File "/home/hussin/code/optics_tenant/osmBack/__pypackages__/3.12/lib/rest_framework/serializers.py", line 1251, in build_field
    return self.build_unknown_field(field_name, model_class)
           ^^^^^^^^^^^^^^^^^^^^^^^^^^^^^^^^^^^^^^^^^^^^^^^^^
  File "/home/hussin/code/optics_tenant/osmBack/__pypackages__/3.12/lib/rest_framework/serializers.py", line 1369, in build_unknown_field
    raise ImproperlyConfigured(
django.core.exceptions.ImproperlyConfigured: Field name `contact_person` is not valid for model `Manufacturer` in `apps.products.serializers.suppliers.ManufacturerSerializer`.
[2026-01-24 23:26:25,038] ERROR django.request: Internal Server Error: /api/schema/
[2026-01-24 23:26:25,038] ERROR django.server: "GET /api/schema/ HTTP/1.1" 500 197
[2026-01-24 23:26:27,723] ERROR core.exceptions: Unhandled exception: Field name `contact_person` is not valid for model `Manufacturer` in `apps.products.serializers.suppliers.ManufacturerSerializer`.
Traceback (most recent call last):
  File "/home/hussin/code/optics_tenant/osmBack/__pypackages__/3.12/lib/rest_framework/views.py", line 512, in dispatch
    response = handler(request, *args, **kwargs)
               ^^^^^^^^^^^^^^^^^^^^^^^^^^^^^^^^^
  File "/home/hussin/code/optics_tenant/osmBack/__pypackages__/3.12/lib/drf_spectacular/views.py", line 84, in get
    return self._get_schema_response(request)
           ^^^^^^^^^^^^^^^^^^^^^^^^^^^^^^^^^^
  File "/home/hussin/code/optics_tenant/osmBack/__pypackages__/3.12/lib/drf_spectacular/views.py", line 92, in _get_schema_response
    data=generator.get_schema(request=request, public=self.serve_public),
         ^^^^^^^^^^^^^^^^^^^^^^^^^^^^^^^^^^^^^^^^^^^^^^^^^^^^^^^^^^^^^^^
  File "/home/hussin/code/optics_tenant/osmBack/__pypackages__/3.12/lib/drf_spectacular/generators.py", line 285, in get_schema
    paths=self.parse(request, public),
          ^^^^^^^^^^^^^^^^^^^^^^^^^^^
  File "/home/hussin/code/optics_tenant/osmBack/__pypackages__/3.12/lib/drf_spectacular/generators.py", line 256, in parse
    operation = view.schema.get_operation(
                ^^^^^^^^^^^^^^^^^^^^^^^^^^
  File "/home/hussin/code/optics_tenant/osmBack/__pypackages__/3.12/lib/drf_spectacular/openapi.py", line 92, in get_operation
    parameters = self._get_parameters()
                 ^^^^^^^^^^^^^^^^^^^^^^
  File "/home/hussin/code/optics_tenant/osmBack/__pypackages__/3.12/lib/drf_spectacular/openapi.py", line 264, in _get_parameters
    **dict_helper(self._get_filter_parameters()),
                  ^^^^^^^^^^^^^^^^^^^^^^^^^^^^^
  File "/home/hussin/code/optics_tenant/osmBack/__pypackages__/3.12/lib/drf_spectacular/openapi.py", line 555, in _get_filter_parameters
    parameters += filter_extension.get_schema_operation_parameters(self)
                  ^^^^^^^^^^^^^^^^^^^^^^^^^^^^^^^^^^^^^^^^^^^^^^^^^^^^^^
  File "/home/hussin/code/optics_tenant/osmBack/__pypackages__/3.12/lib/drf_spectacular/contrib/django_filters.py", line 58, in get_schema_operation_parameters
    filterset_class = self.target.get_filterset_class(auto_schema.view, get_manager(model).none())
                      ^^^^^^^^^^^^^^^^^^^^^^^^^^^^^^^^^^^^^^^^^^^^^^^^^^^^^^^^^^^^^^^^^^^^^^^^^^^^
  File "/home/hussin/code/optics_tenant/osmBack/__pypackages__/3.12/lib/django_filters/rest_framework/backends.py", line 29, in get_filterset_class
    filterset_class = getattr(view, "filterset_class", None)
                      ^^^^^^^^^^^^^^^^^^^^^^^^^^^^^^^^^^^^^^
  File "/home/hussin/code/optics_tenant/osmBack/core/views.py", line 234, in filterset_class
    self._generated_filterset_class = super().get_filterset_class()
                                      ^^^^^^^^^^^^^^^^^^^^^^^^^^^^^
  File "/home/hussin/code/optics_tenant/osmBack/core/mixins/filterOptionsMixin.py", line 31, in get_filterset_class
    fields = getattr(self, "filterset_fields", None) or getattr(
                                                        ^^^^^^^^
  File "/home/hussin/code/optics_tenant/osmBack/core/views.py", line 255, in filter_fields
    for f in self.serializer_class().fields.keys()
             ^^^^^^^^^^^^^^^^^^^^^^^^^^^^^^
  File "/home/hussin/code/optics_tenant/osmBack/__pypackages__/3.12/lib/django/utils/functional.py", line 47, in __get__
    res = instance.__dict__[self.name] = self.func(instance)
                                         ^^^^^^^^^^^^^^^^^^^
  File "/home/hussin/code/optics_tenant/osmBack/__pypackages__/3.12/lib/rest_framework/serializers.py", line 374, in fields
    for key, value in self.get_fields().items():
                      ^^^^^^^^^^^^^^^^^
  File "/home/hussin/code/optics_tenant/osmBack/__pypackages__/3.12/lib/rest_framework/serializers.py", line 1105, in get_fields
    field_class, field_kwargs = self.build_field(
                                ^^^^^^^^^^^^^^^^^
  File "/home/hussin/code/optics_tenant/osmBack/__pypackages__/3.12/lib/rest_framework/serializers.py", line 1251, in build_field
    return self.build_unknown_field(field_name, model_class)
           ^^^^^^^^^^^^^^^^^^^^^^^^^^^^^^^^^^^^^^^^^^^^^^^^^
  File "/home/hussin/code/optics_tenant/osmBack/__pypackages__/3.12/lib/rest_framework/serializers.py", line 1369, in build_unknown_field
    raise ImproperlyConfigured(
django.core.exceptions.ImproperlyConfigured: Field name `contact_person` is not valid for model `Manufacturer` in `apps.products.serializers.suppliers.ManufacturerSerializer`.
[2026-01-24 23:26:27,737] ERROR django.request: Internal Server Error: /api/schema/
[2026-01-24 23:26:27,745] ERROR django.server: "GET /api/schema/ HTTP/1.1" 500 197
[2026-01-24 23:44:25,792] ERROR core.exceptions: Unhandled exception: validate_unique_field() takes from 3 to 4 positional arguments but 5 were given
Traceback (most recent call last):
  File "/home/hussin/code/optics_tenant/osmBack/__pypackages__/3.12/lib/rest_framework/views.py", line 512, in dispatch
    response = handler(request, *args, **kwargs)
               ^^^^^^^^^^^^^^^^^^^^^^^^^^^^^^^^^
  File "/home/hussin/code/optics_tenant/osmBack/apps/tenants/views/tenant_views.py", line 46, in post
    if serializer.is_valid():
       ^^^^^^^^^^^^^^^^^^^^^
  File "/home/hussin/code/optics_tenant/osmBack/__pypackages__/3.12/lib/rest_framework/serializers.py", line 225, in is_valid
    self._validated_data = self.run_validation(self.initial_data)
                           ^^^^^^^^^^^^^^^^^^^^^^^^^^^^^^^^^^^^^^
  File "/home/hussin/code/optics_tenant/osmBack/__pypackages__/3.12/lib/rest_framework/serializers.py", line 444, in run_validation
    value = self.to_internal_value(data)
            ^^^^^^^^^^^^^^^^^^^^^^^^^^^^
  File "/home/hussin/code/optics_tenant/osmBack/__pypackages__/3.12/lib/rest_framework/serializers.py", line 503, in to_internal_value
    validated_value = validate_method(validated_value)
                      ^^^^^^^^^^^^^^^^^^^^^^^^^^^^^^^^
  File "/home/hussin/code/optics_tenant/osmBack/apps/tenants/serializers.py", line 38, in validate_name
    return check_unique_field(PendingTenantRequest, 'name', value, self.instance)
           ^^^^^^^^^^^^^^^^^^^^^^^^^^^^^^^^^^^^^^^^^^^^^^^^^^^^^^^^^^^^^^^^^^^^^^
  File "/home/hussin/code/optics_tenant/osmBack/core/utils/check_unique_field.py", line 29, in check_unique_field
    return validate_unique_field(model, field_name, value, instance, lang)
           ^^^^^^^^^^^^^^^^^^^^^^^^^^^^^^^^^^^^^^^^^^^^^^^^^^^^^^^^^^^^^^^
TypeError: validate_unique_field() takes from 3 to 4 positional arguments but 5 were given
[2026-01-24 23:44:25,800] ERROR django.request: Internal Server Error: /api/tenants/register/
[2026-01-24 23:44:25,801] ERROR django.server: "POST /api/tenants/register/ HTTP/1.1" 500 166
[2026-01-26 18:08:54,282] ERROR core.exceptions: Unhandled exception: Cannot resolve keyword 'role_id' into field. Choices are: accounts, auth_token, client, client_id, crm_customers, date_joined, deleted_at, email, employee, first_name, groups, id, is_active, is_deleted, is_staff, is_superuser, last_login, last_name, logentry, pages, password, phone, posted_journals, productvariantanswer, roles, stock_movements, user_permissions, username, wholesale_customers
Traceback (most recent call last):
  File "/home/hussin/code/optics_tenant/osmBack/__pypackages__/3.12/lib/rest_framework/views.py", line 512, in dispatch
    response = handler(request, *args, **kwargs)
               ^^^^^^^^^^^^^^^^^^^^^^^^^^^^^^^^^
  File "/home/hussin/code/optics_tenant/osmBack/core/mixins/filterOptionsMixin.py", line 51, in filter_options
    options = generator.generate_options(
              ^^^^^^^^^^^^^^^^^^^^^^^^^^^
  File "/home/hussin/code/optics_tenant/osmBack/core/utils/filters_utils.py", line 39, in generate_options
    values = filtered_qs.values_list(field, flat=True).distinct()
             ^^^^^^^^^^^^^^^^^^^^^^^^^^^^^^^^^^^^^^^^^
  File "/home/hussin/code/optics_tenant/osmBack/__pypackages__/3.12/lib/django/db/models/query.py", line 1411, in values_list
    clone = self._values(*_fields, **expressions)
            ^^^^^^^^^^^^^^^^^^^^^^^^^^^^^^^^^^^^^
  File "/home/hussin/code/optics_tenant/osmBack/__pypackages__/3.12/lib/django/db/models/query.py", line 1365, in _values
    clone.query.set_values(fields)
  File "/home/hussin/code/optics_tenant/osmBack/__pypackages__/3.12/lib/django/db/models/sql/query.py", line 2577, in set_values
    self.add_fields(field_names, True)
  File "/home/hussin/code/optics_tenant/osmBack/__pypackages__/3.12/lib/django/db/models/sql/query.py", line 2238, in add_fields
    join_info = self.setup_joins(
                ^^^^^^^^^^^^^^^^^
  File "/home/hussin/code/optics_tenant/osmBack/__pypackages__/3.12/lib/django/db/models/sql/query.py", line 1901, in setup_joins
    path, final_field, targets, rest = self.names_to_path(
                                       ^^^^^^^^^^^^^^^^^^^
  File "/home/hussin/code/optics_tenant/osmBack/__pypackages__/3.12/lib/django/db/models/sql/query.py", line 1806, in names_to_path
    raise FieldError(
django.core.exceptions.FieldError: Cannot resolve keyword 'role_id' into field. Choices are: accounts, auth_token, client, client_id, crm_customers, date_joined, deleted_at, email, employee, first_name, groups, id, is_active, is_deleted, is_staff, is_superuser, last_login, last_name, logentry, pages, password, phone, posted_journals, productvariantanswer, roles, stock_movements, user_permissions, username, wholesale_customers
[2026-01-26 18:08:54,352] ERROR django.request: Internal Server Error: /api/users/users/filter_options/
[2026-01-26 18:08:54,377] ERROR django.server: "GET /api/users/users/filter_options/ HTTP/1.1" 500 558
[2026-01-26 18:08:55,469] ERROR core.exceptions: Unhandled exception: Cannot resolve keyword 'role_id' into field. Choices are: accounts, auth_token, client, client_id, crm_customers, date_joined, deleted_at, email, employee, first_name, groups, id, is_active, is_deleted, is_staff, is_superuser, last_login, last_name, logentry, pages, password, phone, posted_journals, productvariantanswer, roles, stock_movements, user_permissions, username, wholesale_customers
Traceback (most recent call last):
  File "/home/hussin/code/optics_tenant/osmBack/__pypackages__/3.12/lib/rest_framework/views.py", line 512, in dispatch
    response = handler(request, *args, **kwargs)
               ^^^^^^^^^^^^^^^^^^^^^^^^^^^^^^^^^
  File "/home/hussin/code/optics_tenant/osmBack/core/mixins/filterOptionsMixin.py", line 51, in filter_options
    options = generator.generate_options(
              ^^^^^^^^^^^^^^^^^^^^^^^^^^^
  File "/home/hussin/code/optics_tenant/osmBack/core/utils/filters_utils.py", line 39, in generate_options
    values = filtered_qs.values_list(field, flat=True).distinct()
             ^^^^^^^^^^^^^^^^^^^^^^^^^^^^^^^^^^^^^^^^^
  File "/home/hussin/code/optics_tenant/osmBack/__pypackages__/3.12/lib/django/db/models/query.py", line 1411, in values_list
    clone = self._values(*_fields, **expressions)
            ^^^^^^^^^^^^^^^^^^^^^^^^^^^^^^^^^^^^^
  File "/home/hussin/code/optics_tenant/osmBack/__pypackages__/3.12/lib/django/db/models/query.py", line 1365, in _values
    clone.query.set_values(fields)
  File "/home/hussin/code/optics_tenant/osmBack/__pypackages__/3.12/lib/django/db/models/sql/query.py", line 2577, in set_values
    self.add_fields(field_names, True)
  File "/home/hussin/code/optics_tenant/osmBack/__pypackages__/3.12/lib/django/db/models/sql/query.py", line 2238, in add_fields
    join_info = self.setup_joins(
                ^^^^^^^^^^^^^^^^^
  File "/home/hussin/code/optics_tenant/osmBack/__pypackages__/3.12/lib/django/db/models/sql/query.py", line 1901, in setup_joins
    path, final_field, targets, rest = self.names_to_path(
                                       ^^^^^^^^^^^^^^^^^^^
  File "/home/hussin/code/optics_tenant/osmBack/__pypackages__/3.12/lib/django/db/models/sql/query.py", line 1806, in names_to_path
    raise FieldError(
django.core.exceptions.FieldError: Cannot resolve keyword 'role_id' into field. Choices are: accounts, auth_token, client, client_id, crm_customers, date_joined, deleted_at, email, employee, first_name, groups, id, is_active, is_deleted, is_staff, is_superuser, last_login, last_name, logentry, pages, password, phone, posted_journals, productvariantanswer, roles, stock_movements, user_permissions, username, wholesale_customers
[2026-01-26 18:08:55,472] ERROR django.request: Internal Server Error: /api/users/users/filter_options/
[2026-01-26 18:08:55,474] ERROR django.server: "GET /api/users/users/filter_options/ HTTP/1.1" 500 558
[2026-01-26 18:08:57,533] ERROR core.exceptions: Unhandled exception: Cannot resolve keyword 'role_id' into field. Choices are: accounts, auth_token, client, client_id, crm_customers, date_joined, deleted_at, email, employee, first_name, groups, id, is_active, is_deleted, is_staff, is_superuser, last_login, last_name, logentry, pages, password, phone, posted_journals, productvariantanswer, roles, stock_movements, user_permissions, username, wholesale_customers
Traceback (most recent call last):
  File "/home/hussin/code/optics_tenant/osmBack/__pypackages__/3.12/lib/rest_framework/views.py", line 512, in dispatch
    response = handler(request, *args, **kwargs)
               ^^^^^^^^^^^^^^^^^^^^^^^^^^^^^^^^^
  File "/home/hussin/code/optics_tenant/osmBack/core/mixins/filterOptionsMixin.py", line 51, in filter_options
    options = generator.generate_options(
              ^^^^^^^^^^^^^^^^^^^^^^^^^^^
  File "/home/hussin/code/optics_tenant/osmBack/core/utils/filters_utils.py", line 39, in generate_options
    values = filtered_qs.values_list(field, flat=True).distinct()
             ^^^^^^^^^^^^^^^^^^^^^^^^^^^^^^^^^^^^^^^^^
  File "/home/hussin/code/optics_tenant/osmBack/__pypackages__/3.12/lib/django/db/models/query.py", line 1411, in values_list
    clone = self._values(*_fields, **expressions)
            ^^^^^^^^^^^^^^^^^^^^^^^^^^^^^^^^^^^^^
  File "/home/hussin/code/optics_tenant/osmBack/__pypackages__/3.12/lib/django/db/models/query.py", line 1365, in _values
    clone.query.set_values(fields)
  File "/home/hussin/code/optics_tenant/osmBack/__pypackages__/3.12/lib/django/db/models/sql/query.py", line 2577, in set_values
    self.add_fields(field_names, True)
  File "/home/hussin/code/optics_tenant/osmBack/__pypackages__/3.12/lib/django/db/models/sql/query.py", line 2238, in add_fields
    join_info = self.setup_joins(
                ^^^^^^^^^^^^^^^^^
  File "/home/hussin/code/optics_tenant/osmBack/__pypackages__/3.12/lib/django/db/models/sql/query.py", line 1901, in setup_joins
    path, final_field, targets, rest = self.names_to_path(
                                       ^^^^^^^^^^^^^^^^^^^
  File "/home/hussin/code/optics_tenant/osmBack/__pypackages__/3.12/lib/django/db/models/sql/query.py", line 1806, in names_to_path
    raise FieldError(
django.core.exceptions.FieldError: Cannot resolve keyword 'role_id' into field. Choices are: accounts, auth_token, client, client_id, crm_customers, date_joined, deleted_at, email, employee, first_name, groups, id, is_active, is_deleted, is_staff, is_superuser, last_login, last_name, logentry, pages, password, phone, posted_journals, productvariantanswer, roles, stock_movements, user_permissions, username, wholesale_customers
[2026-01-26 18:08:57,536] ERROR django.request: Internal Server Error: /api/users/users/filter_options/
[2026-01-26 18:08:57,536] ERROR django.server: "GET /api/users/users/filter_options/ HTTP/1.1" 500 558
[2026-01-26 18:09:01,596] ERROR core.exceptions: Unhandled exception: Cannot resolve keyword 'role_id' into field. Choices are: accounts, auth_token, client, client_id, crm_customers, date_joined, deleted_at, email, employee, first_name, groups, id, is_active, is_deleted, is_staff, is_superuser, last_login, last_name, logentry, pages, password, phone, posted_journals, productvariantanswer, roles, stock_movements, user_permissions, username, wholesale_customers
Traceback (most recent call last):
  File "/home/hussin/code/optics_tenant/osmBack/__pypackages__/3.12/lib/rest_framework/views.py", line 512, in dispatch
    response = handler(request, *args, **kwargs)
               ^^^^^^^^^^^^^^^^^^^^^^^^^^^^^^^^^
  File "/home/hussin/code/optics_tenant/osmBack/core/mixins/filterOptionsMixin.py", line 51, in filter_options
    options = generator.generate_options(
              ^^^^^^^^^^^^^^^^^^^^^^^^^^^
  File "/home/hussin/code/optics_tenant/osmBack/core/utils/filters_utils.py", line 39, in generate_options
    values = filtered_qs.values_list(field, flat=True).distinct()
             ^^^^^^^^^^^^^^^^^^^^^^^^^^^^^^^^^^^^^^^^^
  File "/home/hussin/code/optics_tenant/osmBack/__pypackages__/3.12/lib/django/db/models/query.py", line 1411, in values_list
    clone = self._values(*_fields, **expressions)
            ^^^^^^^^^^^^^^^^^^^^^^^^^^^^^^^^^^^^^
  File "/home/hussin/code/optics_tenant/osmBack/__pypackages__/3.12/lib/django/db/models/query.py", line 1365, in _values
    clone.query.set_values(fields)
  File "/home/hussin/code/optics_tenant/osmBack/__pypackages__/3.12/lib/django/db/models/sql/query.py", line 2577, in set_values
    self.add_fields(field_names, True)
  File "/home/hussin/code/optics_tenant/osmBack/__pypackages__/3.12/lib/django/db/models/sql/query.py", line 2238, in add_fields
    join_info = self.setup_joins(
                ^^^^^^^^^^^^^^^^^
  File "/home/hussin/code/optics_tenant/osmBack/__pypackages__/3.12/lib/django/db/models/sql/query.py", line 1901, in setup_joins
    path, final_field, targets, rest = self.names_to_path(
                                       ^^^^^^^^^^^^^^^^^^^
  File "/home/hussin/code/optics_tenant/osmBack/__pypackages__/3.12/lib/django/db/models/sql/query.py", line 1806, in names_to_path
    raise FieldError(
django.core.exceptions.FieldError: Cannot resolve keyword 'role_id' into field. Choices are: accounts, auth_token, client, client_id, crm_customers, date_joined, deleted_at, email, employee, first_name, groups, id, is_active, is_deleted, is_staff, is_superuser, last_login, last_name, logentry, pages, password, phone, posted_journals, productvariantanswer, roles, stock_movements, user_permissions, username, wholesale_customers
[2026-01-26 18:09:01,601] ERROR django.request: Internal Server Error: /api/users/users/filter_options/
[2026-01-26 18:09:01,601] ERROR django.server: "GET /api/users/users/filter_options/ HTTP/1.1" 500 558
[2026-01-26 22:24:57,207] ERROR core.exceptions: Unhandled exception: '<' not supported between instances of 'str' and 'int'
Traceback (most recent call last):
  File "/home/hussin/code/optics_tenant/osmBack/__pypackages__/3.12/lib/rest_framework/views.py", line 512, in dispatch
    response = handler(request, *args, **kwargs)
               ^^^^^^^^^^^^^^^^^^^^^^^^^^^^^^^^^
  File "/home/hussin/code/optics_tenant/osmBack/__pypackages__/3.12/lib/rest_framework/mixins.py", line 18, in create
    serializer.is_valid(raise_exception=True)
  File "/home/hussin/code/optics_tenant/osmBack/__pypackages__/3.12/lib/rest_framework/serializers.py", line 225, in is_valid
    self._validated_data = self.run_validation(self.initial_data)
                           ^^^^^^^^^^^^^^^^^^^^^^^^^^^^^^^^^^^^^^
  File "/home/hussin/code/optics_tenant/osmBack/__pypackages__/3.12/lib/rest_framework/serializers.py", line 444, in run_validation
    value = self.to_internal_value(data)
            ^^^^^^^^^^^^^^^^^^^^^^^^^^^^
  File "/home/hussin/code/optics_tenant/osmBack/apps/prescriptions/serializers.py", line 144, in to_internal_value
    return super().to_internal_value(data)
           ^^^^^^^^^^^^^^^^^^^^^^^^^^^^^^^
  File "/home/hussin/code/optics_tenant/osmBack/__pypackages__/3.12/lib/rest_framework/serializers.py", line 503, in to_internal_value
    validated_value = validate_method(validated_value)
                      ^^^^^^^^^^^^^^^^^^^^^^^^^^^^^^^^
  File "/home/hussin/code/optics_tenant/osmBack/apps/prescriptions/serializers.py", line 54, in validate_right_sphere
    return self._validate_sphere(value, 'right_sphere')
           ^^^^^^^^^^^^^^^^^^^^^^^^^^^^^^^^^^^^^^^^^^^^
  File "/home/hussin/code/optics_tenant/osmBack/apps/prescriptions/serializers.py", line 31, in _validate_sphere
    if value is not None and (value < -20 or value > 20):
                              ^^^^^^^^^^^
TypeError: '<' not supported between instances of 'str' and 'int'
[2026-01-26 22:24:57,212] ERROR django.request: Internal Server Error: /api/prescriptions/prescription/
[2026-01-26 22:24:57,214] ERROR django.server: "POST /api/prescriptions/prescription/ HTTP/1.1" 500 218
[2026-01-26 22:25:03,320] ERROR core.exceptions: Unhandled exception: '<' not supported between instances of 'str' and 'int'
Traceback (most recent call last):
  File "/home/hussin/code/optics_tenant/osmBack/__pypackages__/3.12/lib/rest_framework/views.py", line 512, in dispatch
    response = handler(request, *args, **kwargs)
               ^^^^^^^^^^^^^^^^^^^^^^^^^^^^^^^^^
  File "/home/hussin/code/optics_tenant/osmBack/__pypackages__/3.12/lib/rest_framework/mixins.py", line 18, in create
    serializer.is_valid(raise_exception=True)
  File "/home/hussin/code/optics_tenant/osmBack/__pypackages__/3.12/lib/rest_framework/serializers.py", line 225, in is_valid
    self._validated_data = self.run_validation(self.initial_data)
                           ^^^^^^^^^^^^^^^^^^^^^^^^^^^^^^^^^^^^^^
  File "/home/hussin/code/optics_tenant/osmBack/__pypackages__/3.12/lib/rest_framework/serializers.py", line 444, in run_validation
    value = self.to_internal_value(data)
            ^^^^^^^^^^^^^^^^^^^^^^^^^^^^
  File "/home/hussin/code/optics_tenant/osmBack/apps/prescriptions/serializers.py", line 144, in to_internal_value
    return super().to_internal_value(data)
           ^^^^^^^^^^^^^^^^^^^^^^^^^^^^^^^
  File "/home/hussin/code/optics_tenant/osmBack/__pypackages__/3.12/lib/rest_framework/serializers.py", line 503, in to_internal_value
    validated_value = validate_method(validated_value)
                      ^^^^^^^^^^^^^^^^^^^^^^^^^^^^^^^^
  File "/home/hussin/code/optics_tenant/osmBack/apps/prescriptions/serializers.py", line 54, in validate_right_sphere
    return self._validate_sphere(value, 'right_sphere')
           ^^^^^^^^^^^^^^^^^^^^^^^^^^^^^^^^^^^^^^^^^^^^
  File "/home/hussin/code/optics_tenant/osmBack/apps/prescriptions/serializers.py", line 31, in _validate_sphere
    if value is not None and (value < -20 or value > 20):
                              ^^^^^^^^^^^
TypeError: '<' not supported between instances of 'str' and 'int'
[2026-01-26 22:25:03,325] ERROR django.request: Internal Server Error: /api/prescriptions/prescription/
[2026-01-26 22:25:03,328] ERROR django.server: "POST /api/prescriptions/prescription/ HTTP/1.1" 500 218
[2026-01-28 15:26:49,074] ERROR core.exceptions: Unhandled exception: 'list' object has no attribute 'keys'
Traceback (most recent call last):
  File "/home/hussin/code/optics_tenant/osmBack/__pypackages__/3.12/lib/rest_framework/views.py", line 512, in dispatch
    response = handler(request, *args, **kwargs)
               ^^^^^^^^^^^^^^^^^^^^^^^^^^^^^^^^^
  File "/home/hussin/code/optics_tenant/osmBack/core/mixins/filterOptionsMixin.py", line 45, in filter_options
    FilterSet = self.get_filterset_class()
                ^^^^^^^^^^^^^^^^^^^^^^^^^^
  File "/home/hussin/code/optics_tenant/osmBack/core/mixins/filterOptionsMixin.py", line 34, in get_filterset_class
    return create_filterset_class(
           ^^^^^^^^^^^^^^^^^^^^^^^
  File "/home/hussin/code/optics_tenant/osmBack/core/utils/create_filterset.py", line 32, in create_filterset_class
    allowed_fields = set(fields.keys())
                         ^^^^^^^^^^^
AttributeError: 'list' object has no attribute 'keys'
[2026-01-28 15:26:49,188] ERROR django.request: Internal Server Error: /api/accounting/chart-of-accounts/filter_options/
[2026-01-28 15:26:49,189] ERROR django.server: "GET /api/accounting/chart-of-accounts/filter_options/ HTTP/1.1" 500 201
[2026-01-28 15:26:50,300] ERROR core.exceptions: Unhandled exception: 'list' object has no attribute 'keys'
Traceback (most recent call last):
  File "/home/hussin/code/optics_tenant/osmBack/__pypackages__/3.12/lib/rest_framework/views.py", line 512, in dispatch
    response = handler(request, *args, **kwargs)
               ^^^^^^^^^^^^^^^^^^^^^^^^^^^^^^^^^
  File "/home/hussin/code/optics_tenant/osmBack/core/mixins/filterOptionsMixin.py", line 45, in filter_options
    FilterSet = self.get_filterset_class()
                ^^^^^^^^^^^^^^^^^^^^^^^^^^
  File "/home/hussin/code/optics_tenant/osmBack/core/mixins/filterOptionsMixin.py", line 34, in get_filterset_class
    return create_filterset_class(
           ^^^^^^^^^^^^^^^^^^^^^^^
  File "/home/hussin/code/optics_tenant/osmBack/core/utils/create_filterset.py", line 32, in create_filterset_class
    allowed_fields = set(fields.keys())
                         ^^^^^^^^^^^
AttributeError: 'list' object has no attribute 'keys'
[2026-01-28 15:26:50,304] ERROR django.request: Internal Server Error: /api/accounting/chart-of-accounts/filter_options/
[2026-01-28 15:26:50,305] ERROR django.server: "GET /api/accounting/chart-of-accounts/filter_options/ HTTP/1.1" 500 201
[2026-01-28 15:26:52,361] ERROR core.exceptions: Unhandled exception: 'list' object has no attribute 'keys'
Traceback (most recent call last):
  File "/home/hussin/code/optics_tenant/osmBack/__pypackages__/3.12/lib/rest_framework/views.py", line 512, in dispatch
    response = handler(request, *args, **kwargs)
               ^^^^^^^^^^^^^^^^^^^^^^^^^^^^^^^^^
  File "/home/hussin/code/optics_tenant/osmBack/core/mixins/filterOptionsMixin.py", line 45, in filter_options
    FilterSet = self.get_filterset_class()
                ^^^^^^^^^^^^^^^^^^^^^^^^^^
  File "/home/hussin/code/optics_tenant/osmBack/core/mixins/filterOptionsMixin.py", line 34, in get_filterset_class
    return create_filterset_class(
           ^^^^^^^^^^^^^^^^^^^^^^^
  File "/home/hussin/code/optics_tenant/osmBack/core/utils/create_filterset.py", line 32, in create_filterset_class
    allowed_fields = set(fields.keys())
                         ^^^^^^^^^^^
AttributeError: 'list' object has no attribute 'keys'
[2026-01-28 15:26:52,365] ERROR django.request: Internal Server Error: /api/accounting/chart-of-accounts/filter_options/
[2026-01-28 15:26:52,366] ERROR django.server: "GET /api/accounting/chart-of-accounts/filter_options/ HTTP/1.1" 500 201
[2026-01-28 15:26:56,415] ERROR core.exceptions: Unhandled exception: 'list' object has no attribute 'keys'
Traceback (most recent call last):
  File "/home/hussin/code/optics_tenant/osmBack/__pypackages__/3.12/lib/rest_framework/views.py", line 512, in dispatch
    response = handler(request, *args, **kwargs)
               ^^^^^^^^^^^^^^^^^^^^^^^^^^^^^^^^^
  File "/home/hussin/code/optics_tenant/osmBack/core/mixins/filterOptionsMixin.py", line 45, in filter_options
    FilterSet = self.get_filterset_class()
                ^^^^^^^^^^^^^^^^^^^^^^^^^^
  File "/home/hussin/code/optics_tenant/osmBack/core/mixins/filterOptionsMixin.py", line 34, in get_filterset_class
    return create_filterset_class(
           ^^^^^^^^^^^^^^^^^^^^^^^
  File "/home/hussin/code/optics_tenant/osmBack/core/utils/create_filterset.py", line 32, in create_filterset_class
    allowed_fields = set(fields.keys())
                         ^^^^^^^^^^^
AttributeError: 'list' object has no attribute 'keys'
[2026-01-28 15:26:56,419] ERROR django.request: Internal Server Error: /api/accounting/chart-of-accounts/filter_options/
[2026-01-28 15:26:56,419] ERROR django.server: "GET /api/accounting/chart-of-accounts/filter_options/ HTTP/1.1" 500 201
